{
    "NODES": 301,
    "ROUTES": 0,
    "CAPACITY": 200,
    "BEST": 997.52,
    "OPTIMAL": 1,
    "LOCATION": [
        [
            0.0,
            0.0
        ],
        [
            5.7735,
            0.0
        ],
        [
            2.8867,
            5.0
        ],
        [
            -2.8868,
            5.0
        ],
        [
            -5.7735,
            0.0
        ],
        [
            -2.8867,
            -5.0
        ],
        [
            2.8868,
            -5.0
        ],
        [
            8.6603,
            5.0
        ],
        [
            0.0,
            10.0
        ],
        [
            -8.6603,
            5.0
        ],
        [
            -8.6603,
            -5.0
        ],
        [
            0.0,
            -10.0
        ],
        [
            8.6603,
            -5.0
        ],
        [
            5.3405,
            0.75
        ],
        [
            3.3198,
            4.25
        ],
        [
            6.4952,
            -1.25
        ],
        [
            7.2169,
            -2.5
        ],
        [
            7.9386,
            -3.75
        ],
        [
            6.4952,
            1.25
        ],
        [
            7.2169,
            2.5
        ],
        [
            7.9386,
            3.75
        ],
        [
            2.0207,
            5.0
        ],
        [
            -2.0207,
            5.0
        ],
        [
            4.3301,
            5.0
        ],
        [
            5.7735,
            5.0
        ],
        [
            7.2169,
            5.0
        ],
        [
            2.1651,
            6.25
        ],
        [
            1.4434,
            7.5
        ],
        [
            0.7217,
            8.75
        ],
        [
            -3.3198,
            4.25
        ],
        [
            -5.3405,
            0.75
        ],
        [
            -2.1651,
            6.25
        ],
        [
            -1.4434,
            7.5
        ],
        [
            -0.7217,
            8.75
        ],
        [
            -4.3301,
            5.0
        ],
        [
            -5.7735,
            5.0
        ],
        [
            -7.2169,
            5.0
        ],
        [
            -5.3405,
            -0.75
        ],
        [
            -3.3198,
            -4.25
        ],
        [
            -6.4952,
            1.25
        ],
        [
            -7.2169,
            2.5
        ],
        [
            -7.9386,
            3.75
        ],
        [
            -6.4952,
            -1.25
        ],
        [
            -7.2169,
            -2.5
        ],
        [
            -7.9386,
            -3.75
        ],
        [
            -2.0207,
            -5.0
        ],
        [
            2.0207,
            -5.0
        ],
        [
            -4.3301,
            -5.0
        ],
        [
            -5.7735,
            -5.0
        ],
        [
            -7.2169,
            -5.0
        ],
        [
            -2.1651,
            -6.25
        ],
        [
            -1.4434,
            -7.5
        ],
        [
            -0.7217,
            -8.75
        ],
        [
            3.3198,
            -4.25
        ],
        [
            5.3405,
            -0.75
        ],
        [
            2.1651,
            -6.25
        ],
        [
            1.4434,
            -7.5
        ],
        [
            0.7217,
            -8.75
        ],
        [
            4.3301,
            -5.0
        ],
        [
            5.7735,
            -5.0
        ],
        [
            7.2169,
            -5.0
        ],
        [
            7.2169,
            0.0
        ],
        [
            3.6084,
            6.25
        ],
        [
            -3.6084,
            6.25
        ],
        [
            -7.2169,
            0.0
        ],
        [
            -3.6084,
            -6.25
        ],
        [
            3.6084,
            -6.25
        ],
        [
            10.8253,
            6.25
        ],
        [
            0.0,
            12.5
        ],
        [
            -10.8253,
            6.25
        ],
        [
            -10.8253,
            -6.25
        ],
        [
            0.0,
            -12.5
        ],
        [
            10.8253,
            -6.25
        ],
        [
            6.6756,
            0.9375
        ],
        [
            4.1497,
            5.3125
        ],
        [
            8.119,
            -1.5625
        ],
        [
            9.0211,
            -3.125
        ],
        [
            9.9232,
            -4.6875
        ],
        [
            8.119,
            1.5625
        ],
        [
            9.0211,
            3.125
        ],
        [
            9.9232,
            4.6875
        ],
        [
            2.5259,
            6.25
        ],
        [
            -2.5259,
            6.25
        ],
        [
            5.4127,
            6.25
        ],
        [
            7.2169,
            6.25
        ],
        [
            9.0211,
            6.25
        ],
        [
            2.7063,
            7.8125
        ],
        [
            1.8042,
            9.375
        ],
        [
            0.9021,
            10.9375
        ],
        [
            -4.1497,
            5.3125
        ],
        [
            -6.6756,
            0.9375
        ],
        [
            -2.7063,
            7.8125
        ],
        [
            -1.8042,
            9.375
        ],
        [
            -0.9021,
            10.9375
        ],
        [
            -5.4127,
            6.25
        ],
        [
            -7.2169,
            6.25
        ],
        [
            -9.0211,
            6.25
        ],
        [
            -6.6756,
            -0.9375
        ],
        [
            -4.1497,
            -5.3125
        ],
        [
            -8.119,
            1.5625
        ],
        [
            -9.0211,
            3.125
        ],
        [
            -9.9232,
            4.6875
        ],
        [
            -8.119,
            -1.5625
        ],
        [
            -9.0211,
            -3.125
        ],
        [
            -9.9232,
            -4.6875
        ],
        [
            -2.5259,
            -6.25
        ],
        [
            2.5259,
            -6.25
        ],
        [
            -5.4127,
            -6.25
        ],
        [
            -7.2169,
            -6.25
        ],
        [
            -9.0211,
            -6.25
        ],
        [
            -2.7063,
            -7.8125
        ],
        [
            -1.8042,
            -9.375
        ],
        [
            -0.9021,
            -10.9375
        ],
        [
            4.1497,
            -5.3125
        ],
        [
            6.6756,
            -0.9375
        ],
        [
            2.7063,
            -7.8125
        ],
        [
            1.8042,
            -9.375
        ],
        [
            0.9021,
            -10.9375
        ],
        [
            5.4127,
            -6.25
        ],
        [
            7.2169,
            -6.25
        ],
        [
            9.0211,
            -6.25
        ],
        [
            9.0211,
            0.0
        ],
        [
            4.5105,
            7.8125
        ],
        [
            -4.5105,
            7.8125
        ],
        [
            -9.0211,
            0.0
        ],
        [
            -4.5105,
            -7.8125
        ],
        [
            4.5106,
            -7.8125
        ],
        [
            13.5316,
            7.8125
        ],
        [
            0.0,
            15.625
        ],
        [
            -13.5316,
            7.8125
        ],
        [
            -13.5316,
            -7.8125
        ],
        [
            0.0,
            -15.625
        ],
        [
            13.5316,
            -7.8125
        ],
        [
            8.3445,
            1.1719
        ],
        [
            5.1871,
            6.6406
        ],
        [
            10.1487,
            -1.9531
        ],
        [
            11.2764,
            -3.9062
        ],
        [
            12.404,
            -5.8594
        ],
        [
            10.1487,
            1.9531
        ],
        [
            11.2764,
            3.9062
        ],
        [
            12.404,
            5.8594
        ],
        [
            3.1574,
            7.8125
        ],
        [
            -3.1574,
            7.8125
        ],
        [
            6.7658,
            7.8125
        ],
        [
            9.0211,
            7.8125
        ],
        [
            11.2764,
            7.8125
        ],
        [
            3.3829,
            9.7656
        ],
        [
            2.2553,
            11.7187
        ],
        [
            1.1276,
            13.6719
        ],
        [
            -5.1871,
            6.6406
        ],
        [
            -8.3445,
            1.1719
        ],
        [
            -3.3829,
            9.7656
        ],
        [
            -2.2553,
            11.7187
        ],
        [
            -1.1276,
            13.6719
        ],
        [
            -6.7658,
            7.8125
        ],
        [
            -9.0211,
            7.8125
        ],
        [
            -11.2764,
            7.8125
        ],
        [
            -8.3445,
            -1.1719
        ],
        [
            -5.1871,
            -6.6406
        ],
        [
            -10.1487,
            1.9531
        ],
        [
            -11.2764,
            3.9062
        ],
        [
            -12.404,
            5.8594
        ],
        [
            -10.1487,
            -1.9531
        ],
        [
            -11.2764,
            -3.9063
        ],
        [
            -12.404,
            -5.8594
        ],
        [
            -3.1574,
            -7.8125
        ],
        [
            3.1574,
            -7.8125
        ],
        [
            -6.7658,
            -7.8125
        ],
        [
            -9.0211,
            -7.8125
        ],
        [
            -11.2764,
            -7.8125
        ],
        [
            -3.3829,
            -9.7656
        ],
        [
            -2.2553,
            -11.7187
        ],
        [
            -1.1276,
            -13.6719
        ],
        [
            5.1871,
            -6.6406
        ],
        [
            8.3445,
            -1.1719
        ],
        [
            3.3829,
            -9.7656
        ],
        [
            2.2553,
            -11.7187
        ],
        [
            1.1276,
            -13.6719
        ],
        [
            6.7658,
            -7.8125
        ],
        [
            9.0211,
            -7.8125
        ],
        [
            11.2764,
            -7.8125
        ],
        [
            11.2764,
            0.0
        ],
        [
            5.6382,
            9.7656
        ],
        [
            -5.6382,
            9.7656
        ],
        [
            -11.2764,
            0.0
        ],
        [
            -5.6382,
            -9.7656
        ],
        [
            5.6382,
            -9.7656
        ],
        [
            16.9146,
            9.7656
        ],
        [
            0.0,
            19.5312
        ],
        [
            -16.9146,
            9.7656
        ],
        [
            -16.9146,
            -9.7656
        ],
        [
            0.0,
            -19.5312
        ],
        [
            16.9146,
            -9.7656
        ],
        [
            10.4306,
            1.4648
        ],
        [
            6.4839,
            8.3008
        ],
        [
            12.6859,
            -2.4414
        ],
        [
            14.0955,
            -4.8828
        ],
        [
            15.505,
            -7.3242
        ],
        [
            12.6859,
            2.4414
        ],
        [
            14.0955,
            4.8828
        ],
        [
            15.505,
            7.3242
        ],
        [
            3.9467,
            9.7656
        ],
        [
            -3.9467,
            9.7656
        ],
        [
            8.4573,
            9.7656
        ],
        [
            11.2764,
            9.7656
        ],
        [
            14.0955,
            9.7656
        ],
        [
            4.2286,
            12.207
        ],
        [
            2.8191,
            14.6484
        ],
        [
            1.4095,
            17.0898
        ],
        [
            -6.4839,
            8.3008
        ],
        [
            -10.4306,
            1.4648
        ],
        [
            -4.2286,
            12.207
        ],
        [
            -2.8191,
            14.6484
        ],
        [
            -1.4095,
            17.0898
        ],
        [
            -8.4573,
            9.7656
        ],
        [
            -11.2764,
            9.7656
        ],
        [
            -14.0955,
            9.7656
        ],
        [
            -10.4306,
            -1.4648
        ],
        [
            -6.4839,
            -8.3008
        ],
        [
            -12.6859,
            2.4414
        ],
        [
            -14.0955,
            4.8828
        ],
        [
            -15.505,
            7.3242
        ],
        [
            -12.6859,
            -2.4414
        ],
        [
            -14.0955,
            -4.8828
        ],
        [
            -15.505,
            -7.3242
        ],
        [
            -3.9467,
            -9.7656
        ],
        [
            3.9467,
            -9.7656
        ],
        [
            -8.4573,
            -9.7656
        ],
        [
            -11.2764,
            -9.7656
        ],
        [
            -14.0955,
            -9.7656
        ],
        [
            -4.2286,
            -12.207
        ],
        [
            -2.8191,
            -14.6484
        ],
        [
            -1.4095,
            -17.0898
        ],
        [
            6.4839,
            -8.3008
        ],
        [
            10.4306,
            -1.4648
        ],
        [
            4.2286,
            -12.207
        ],
        [
            2.8191,
            -14.6484
        ],
        [
            1.4095,
            -17.0898
        ],
        [
            8.4573,
            -9.7656
        ],
        [
            11.2764,
            -9.7656
        ],
        [
            14.0955,
            -9.7656
        ],
        [
            14.0955,
            0.0
        ],
        [
            7.0477,
            12.207
        ],
        [
            -7.0477,
            12.207
        ],
        [
            -14.0955,
            0.0
        ],
        [
            -7.0477,
            -12.207
        ],
        [
            7.0477,
            -12.207
        ],
        [
            21.1432,
            12.207
        ],
        [
            0.0,
            24.4141
        ],
        [
            -21.1432,
            12.207
        ],
        [
            -21.1432,
            -12.207
        ],
        [
            0.0,
            -24.4141
        ],
        [
            21.1432,
            -12.207
        ],
        [
            13.0383,
            1.8311
        ],
        [
            8.1049,
            10.376
        ],
        [
            15.8574,
            -3.0518
        ],
        [
            17.6193,
            -6.1035
        ],
        [
            19.3813,
            -9.1553
        ],
        [
            15.8574,
            3.0518
        ],
        [
            17.6193,
            6.1035
        ],
        [
            19.3813,
            9.1553
        ],
        [
            4.9334,
            12.207
        ],
        [
            -4.9334,
            12.207
        ],
        [
            10.5716,
            12.207
        ],
        [
            14.0955,
            12.207
        ],
        [
            17.6193,
            12.207
        ],
        [
            5.2858,
            15.2588
        ],
        [
            3.5239,
            18.3105
        ],
        [
            1.7619,
            21.3623
        ],
        [
            -8.1049,
            10.376
        ],
        [
            -13.0383,
            1.8311
        ],
        [
            -5.2858,
            15.2588
        ],
        [
            -3.5239,
            18.3105
        ],
        [
            -1.7619,
            21.3623
        ],
        [
            -10.5716,
            12.207
        ],
        [
            -14.0955,
            12.207
        ],
        [
            -17.6193,
            12.207
        ],
        [
            -13.0383,
            -1.8311
        ],
        [
            -8.1049,
            -10.376
        ],
        [
            -15.8574,
            3.0518
        ],
        [
            -17.6193,
            6.1035
        ],
        [
            -19.3813,
            9.1553
        ],
        [
            -15.8574,
            -3.0518
        ],
        [
            -17.6193,
            -6.1035
        ],
        [
            -19.3813,
            -9.1553
        ],
        [
            -4.9334,
            -12.207
        ],
        [
            4.9334,
            -12.207
        ],
        [
            -10.5716,
            -12.207
        ],
        [
            -14.0955,
            -12.207
        ],
        [
            -17.6193,
            -12.207
        ],
        [
            -5.2858,
            -15.2588
        ],
        [
            -3.5239,
            -18.3105
        ],
        [
            -1.7619,
            -21.3623
        ],
        [
            8.1049,
            -10.376
        ],
        [
            13.0383,
            -1.8311
        ],
        [
            5.2858,
            -15.2588
        ],
        [
            3.5239,
            -18.3105
        ],
        [
            1.7619,
            -21.3623
        ],
        [
            10.5716,
            -12.207
        ],
        [
            14.0955,
            -12.207
        ],
        [
            17.6193,
            -12.207
        ]
    ],
    "DEMAND": [
        0.0,
        40.0,
        40.0,
        40.0,
        40.0,
        40.0,
        40.0,
        40.0,
        40.0,
        40.0,
        40.0,
        40.0,
        40.0,
        10.0,
        10.0,
        10.0,
        20.0,
        10.0,
        10.0,
        20.0,
        10.0,
        10.0,
        10.0,
        10.0,
        20.0,
        10.0,
        10.0,
        20.0,
        10.0,
        10.0,
        10.0,
        10.0,
        20.0,
        10.0,
        10.0,
        20.0,
        10.0,
        10.0,
        10.0,
        10.0,
        20.0,
        10.0,
        10.0,
        20.0,
        10.0,
        10.0,
        10.0,
        10.0,
        20.0,
        10.0,
        10.0,
        20.0,
        10.0,
        10.0,
        10.0,
        10.0,
        20.0,
        10.0,
        10.0,
        20.0,
        10.0,
        40.0,
        40.0,
        40.0,
        40.0,
        40.0,
        40.0,
        40.0,
        40.0,
        40.0,
        40.0,
        40.0,
        40.0,
        10.0,
        10.0,
        10.0,
        20.0,
        10.0,
        10.0,
        20.0,
        10.0,
        10.0,
        10.0,
        10.0,
        20.0,
        10.0,
        10.0,
        20.0,
        10.0,
        10.0,
        10.0,
        10.0,
        20.0,
        10.0,
        10.0,
        20.0,
        10.0,
        10.0,
        10.0,
        10.0,
        20.0,
        10.0,
        10.0,
        20.0,
        10.0,
        10.0,
        10.0,
        10.0,
        20.0,
        10.0,
        10.0,
        20.0,
        10.0,
        10.0,
        10.0,
        10.0,
        20.0,
        10.0,
        10.0,
        20.0,
        10.0,
        40.0,
        40.0,
        40.0,
        40.0,
        40.0,
        40.0,
        40.0,
        40.0,
        40.0,
        40.0,
        40.0,
        40.0,
        10.0,
        10.0,
        10.0,
        20.0,
        10.0,
        10.0,
        20.0,
        10.0,
        10.0,
        10.0,
        10.0,
        20.0,
        10.0,
        10.0,
        20.0,
        10.0,
        10.0,
        10.0,
        10.0,
        20.0,
        10.0,
        10.0,
        20.0,
        10.0,
        10.0,
        10.0,
        10.0,
        20.0,
        10.0,
        10.0,
        20.0,
        10.0,
        10.0,
        10.0,
        10.0,
        20.0,
        10.0,
        10.0,
        20.0,
        10.0,
        10.0,
        10.0,
        10.0,
        20.0,
        10.0,
        10.0,
        20.0,
        10.0,
        40.0,
        40.0,
        40.0,
        40.0,
        40.0,
        40.0,
        40.0,
        40.0,
        40.0,
        40.0,
        40.0,
        40.0,
        10.0,
        10.0,
        10.0,
        20.0,
        10.0,
        10.0,
        20.0,
        10.0,
        10.0,
        10.0,
        10.0,
        20.0,
        10.0,
        10.0,
        20.0,
        10.0,
        10.0,
        10.0,
        10.0,
        20.0,
        10.0,
        10.0,
        20.0,
        10.0,
        10.0,
        10.0,
        10.0,
        20.0,
        10.0,
        10.0,
        20.0,
        10.0,
        10.0,
        10.0,
        10.0,
        20.0,
        10.0,
        10.0,
        20.0,
        10.0,
        10.0,
        10.0,
        10.0,
        20.0,
        10.0,
        10.0,
        20.0,
        10.0,
        40.0,
        40.0,
        40.0,
        40.0,
        40.0,
        40.0,
        40.0,
        40.0,
        40.0,
        40.0,
        40.0,
        40.0,
        10.0,
        10.0,
        10.0,
        20.0,
        10.0,
        10.0,
        20.0,
        10.0,
        10.0,
        10.0,
        10.0,
        20.0,
        10.0,
        10.0,
        20.0,
        10.0,
        10.0,
        10.0,
        10.0,
        20.0,
        10.0,
        10.0,
        20.0,
        10.0,
        10.0,
        10.0,
        10.0,
        20.0,
        10.0,
        10.0,
        20.0,
        10.0,
        10.0,
        10.0,
        10.0,
        20.0,
        10.0,
        10.0,
        20.0,
        10.0,
        10.0,
        10.0,
        10.0,
        20.0,
        10.0,
        10.0,
        20.0,
        10.0
    ]
}