{
    "NODES": 481,
    "ROUTES": 0,
    "CAPACITY": 1000,
    "BEST": 1622.69,
    "OPTIMAL": 0,
    "LOCATION": [
        [
            0.0,
            0.0
        ],
        [
            3.0,
            1.0
        ],
        [
            3.0,
            3.0
        ],
        [
            1.0,
            3.0
        ],
        [
            -1.0,
            3.0
        ],
        [
            -3.0,
            3.0
        ],
        [
            -3.0,
            1.0
        ],
        [
            -3.0,
            -1.0
        ],
        [
            -3.0,
            -3.0
        ],
        [
            -1.0,
            -3.0
        ],
        [
            1.0,
            -3.0
        ],
        [
            3.0,
            -3.0
        ],
        [
            3.0,
            -1.0
        ],
        [
            5.0,
            1.0
        ],
        [
            5.0,
            3.0
        ],
        [
            5.0,
            5.0
        ],
        [
            3.0,
            5.0
        ],
        [
            1.0,
            5.0
        ],
        [
            -1.0,
            5.0
        ],
        [
            -3.0,
            5.0
        ],
        [
            -5.0,
            5.0
        ],
        [
            -5.0,
            3.0
        ],
        [
            -5.0,
            1.0
        ],
        [
            -5.0,
            -1.0
        ],
        [
            -5.0,
            -3.0
        ],
        [
            -5.0,
            -5.0
        ],
        [
            -3.0,
            -5.0
        ],
        [
            -1.0,
            -5.0
        ],
        [
            1.0,
            -5.0
        ],
        [
            3.0,
            -5.0
        ],
        [
            5.0,
            -5.0
        ],
        [
            5.0,
            -3.0
        ],
        [
            5.0,
            -1.0
        ],
        [
            7.0,
            1.0
        ],
        [
            7.0,
            3.0
        ],
        [
            7.0,
            5.0
        ],
        [
            7.0,
            7.0
        ],
        [
            5.0,
            7.0
        ],
        [
            3.0,
            7.0
        ],
        [
            1.0,
            7.0
        ],
        [
            -1.0,
            7.0
        ],
        [
            -3.0,
            7.0
        ],
        [
            -5.0,
            7.0
        ],
        [
            -7.0,
            7.0
        ],
        [
            -7.0,
            5.0
        ],
        [
            -7.0,
            3.0
        ],
        [
            -7.0,
            1.0
        ],
        [
            -7.0,
            -1.0
        ],
        [
            -7.0,
            -3.0
        ],
        [
            -7.0,
            -5.0
        ],
        [
            -7.0,
            -7.0
        ],
        [
            -5.0,
            -7.0
        ],
        [
            -3.0,
            -7.0
        ],
        [
            -1.0,
            -7.0
        ],
        [
            1.0,
            -7.0
        ],
        [
            3.0,
            -7.0
        ],
        [
            5.0,
            -7.0
        ],
        [
            7.0,
            -7.0
        ],
        [
            7.0,
            -5.0
        ],
        [
            7.0,
            -3.0
        ],
        [
            7.0,
            -1.0
        ],
        [
            9.0,
            1.0
        ],
        [
            9.0,
            3.0
        ],
        [
            9.0,
            5.0
        ],
        [
            9.0,
            7.0
        ],
        [
            9.0,
            9.0
        ],
        [
            7.0,
            9.0
        ],
        [
            5.0,
            9.0
        ],
        [
            3.0,
            9.0
        ],
        [
            1.0,
            9.0
        ],
        [
            -1.0,
            9.0
        ],
        [
            -3.0,
            9.0
        ],
        [
            -5.0,
            9.0
        ],
        [
            -7.0,
            9.0
        ],
        [
            -9.0,
            9.0
        ],
        [
            -9.0,
            7.0
        ],
        [
            -9.0,
            5.0
        ],
        [
            -9.0,
            3.0
        ],
        [
            -9.0,
            1.0
        ],
        [
            -9.0,
            -1.0
        ],
        [
            -9.0,
            -3.0
        ],
        [
            -9.0,
            -5.0
        ],
        [
            -9.0,
            -7.0
        ],
        [
            -9.0,
            -9.0
        ],
        [
            -7.0,
            -9.0
        ],
        [
            -5.0,
            -9.0
        ],
        [
            -3.0,
            -9.0
        ],
        [
            -1.0,
            -9.0
        ],
        [
            1.0,
            -9.0
        ],
        [
            3.0,
            -9.0
        ],
        [
            5.0,
            -9.0
        ],
        [
            7.0,
            -9.0
        ],
        [
            9.0,
            -9.0
        ],
        [
            9.0,
            -7.0
        ],
        [
            9.0,
            -5.0
        ],
        [
            9.0,
            -3.0
        ],
        [
            9.0,
            -1.0
        ],
        [
            11.0,
            1.0
        ],
        [
            11.0,
            3.0
        ],
        [
            11.0,
            5.0
        ],
        [
            11.0,
            7.0
        ],
        [
            11.0,
            9.0
        ],
        [
            11.0,
            11.0
        ],
        [
            9.0,
            11.0
        ],
        [
            7.0,
            11.0
        ],
        [
            5.0,
            11.0
        ],
        [
            3.0,
            11.0
        ],
        [
            1.0,
            11.0
        ],
        [
            -1.0,
            11.0
        ],
        [
            -3.0,
            11.0
        ],
        [
            -5.0,
            11.0
        ],
        [
            -7.0,
            11.0
        ],
        [
            -9.0,
            11.0
        ],
        [
            -11.0,
            11.0
        ],
        [
            -11.0,
            9.0
        ],
        [
            -11.0,
            7.0
        ],
        [
            -11.0,
            5.0
        ],
        [
            -11.0,
            3.0
        ],
        [
            -11.0,
            1.0
        ],
        [
            -11.0,
            -1.0
        ],
        [
            -11.0,
            -3.0
        ],
        [
            -11.0,
            -5.0
        ],
        [
            -11.0,
            -7.0
        ],
        [
            -11.0,
            -9.0
        ],
        [
            -11.0,
            -11.0
        ],
        [
            -9.0,
            -11.0
        ],
        [
            -7.0,
            -11.0
        ],
        [
            -5.0,
            -11.0
        ],
        [
            -3.0,
            -11.0
        ],
        [
            -1.0,
            -11.0
        ],
        [
            1.0,
            -11.0
        ],
        [
            3.0,
            -11.0
        ],
        [
            5.0,
            -11.0
        ],
        [
            7.0,
            -11.0
        ],
        [
            9.0,
            -11.0
        ],
        [
            11.0,
            -11.0
        ],
        [
            11.0,
            -9.0
        ],
        [
            11.0,
            -7.0
        ],
        [
            11.0,
            -5.0
        ],
        [
            11.0,
            -3.0
        ],
        [
            11.0,
            -1.0
        ],
        [
            13.0,
            1.0
        ],
        [
            13.0,
            3.0
        ],
        [
            13.0,
            5.0
        ],
        [
            13.0,
            7.0
        ],
        [
            13.0,
            9.0
        ],
        [
            13.0,
            11.0
        ],
        [
            13.0,
            13.0
        ],
        [
            11.0,
            13.0
        ],
        [
            9.0,
            13.0
        ],
        [
            7.0,
            13.0
        ],
        [
            5.0,
            13.0
        ],
        [
            3.0,
            13.0
        ],
        [
            1.0,
            13.0
        ],
        [
            -1.0,
            13.0
        ],
        [
            -3.0,
            13.0
        ],
        [
            -5.0,
            13.0
        ],
        [
            -7.0,
            13.0
        ],
        [
            -9.0,
            13.0
        ],
        [
            -11.0,
            13.0
        ],
        [
            -13.0,
            13.0
        ],
        [
            -13.0,
            11.0
        ],
        [
            -13.0,
            9.0
        ],
        [
            -13.0,
            7.0
        ],
        [
            -13.0,
            5.0
        ],
        [
            -13.0,
            3.0
        ],
        [
            -13.0,
            1.0
        ],
        [
            -13.0,
            -1.0
        ],
        [
            -13.0,
            -3.0
        ],
        [
            -13.0,
            -5.0
        ],
        [
            -13.0,
            -7.0
        ],
        [
            -13.0,
            -9.0
        ],
        [
            -13.0,
            -11.0
        ],
        [
            -13.0,
            -13.0
        ],
        [
            -11.0,
            -13.0
        ],
        [
            -9.0,
            -13.0
        ],
        [
            -7.0,
            -13.0
        ],
        [
            -5.0,
            -13.0
        ],
        [
            -3.0,
            -13.0
        ],
        [
            -1.0,
            -13.0
        ],
        [
            1.0,
            -13.0
        ],
        [
            3.0,
            -13.0
        ],
        [
            5.0,
            -13.0
        ],
        [
            7.0,
            -13.0
        ],
        [
            9.0,
            -13.0
        ],
        [
            11.0,
            -13.0
        ],
        [
            13.0,
            -13.0
        ],
        [
            13.0,
            -11.0
        ],
        [
            13.0,
            -9.0
        ],
        [
            13.0,
            -7.0
        ],
        [
            13.0,
            -5.0
        ],
        [
            13.0,
            -3.0
        ],
        [
            13.0,
            -1.0
        ],
        [
            15.0,
            1.0
        ],
        [
            15.0,
            3.0
        ],
        [
            15.0,
            5.0
        ],
        [
            15.0,
            7.0
        ],
        [
            15.0,
            9.0
        ],
        [
            15.0,
            11.0
        ],
        [
            15.0,
            13.0
        ],
        [
            15.0,
            15.0
        ],
        [
            13.0,
            15.0
        ],
        [
            11.0,
            15.0
        ],
        [
            9.0,
            15.0
        ],
        [
            7.0,
            15.0
        ],
        [
            5.0,
            15.0
        ],
        [
            3.0,
            15.0
        ],
        [
            1.0,
            15.0
        ],
        [
            -1.0,
            15.0
        ],
        [
            -3.0,
            15.0
        ],
        [
            -5.0,
            15.0
        ],
        [
            -7.0,
            15.0
        ],
        [
            -9.0,
            15.0
        ],
        [
            -11.0,
            15.0
        ],
        [
            -13.0,
            15.0
        ],
        [
            -15.0,
            15.0
        ],
        [
            -15.0,
            13.0
        ],
        [
            -15.0,
            11.0
        ],
        [
            -15.0,
            9.0
        ],
        [
            -15.0,
            7.0
        ],
        [
            -15.0,
            5.0
        ],
        [
            -15.0,
            3.0
        ],
        [
            -15.0,
            1.0
        ],
        [
            -15.0,
            -1.0
        ],
        [
            -15.0,
            -3.0
        ],
        [
            -15.0,
            -5.0
        ],
        [
            -15.0,
            -7.0
        ],
        [
            -15.0,
            -9.0
        ],
        [
            -15.0,
            -11.0
        ],
        [
            -15.0,
            -13.0
        ],
        [
            -15.0,
            -15.0
        ],
        [
            -13.0,
            -15.0
        ],
        [
            -11.0,
            -15.0
        ],
        [
            -9.0,
            -15.0
        ],
        [
            -7.0,
            -15.0
        ],
        [
            -5.0,
            -15.0
        ],
        [
            -3.0,
            -15.0
        ],
        [
            -1.0,
            -15.0
        ],
        [
            1.0,
            -15.0
        ],
        [
            3.0,
            -15.0
        ],
        [
            5.0,
            -15.0
        ],
        [
            7.0,
            -15.0
        ],
        [
            9.0,
            -15.0
        ],
        [
            11.0,
            -15.0
        ],
        [
            13.0,
            -15.0
        ],
        [
            15.0,
            -15.0
        ],
        [
            15.0,
            -13.0
        ],
        [
            15.0,
            -11.0
        ],
        [
            15.0,
            -9.0
        ],
        [
            15.0,
            -7.0
        ],
        [
            15.0,
            -5.0
        ],
        [
            15.0,
            -3.0
        ],
        [
            15.0,
            -1.0
        ],
        [
            17.0,
            1.0
        ],
        [
            17.0,
            3.0
        ],
        [
            17.0,
            5.0
        ],
        [
            17.0,
            7.0
        ],
        [
            17.0,
            9.0
        ],
        [
            17.0,
            11.0
        ],
        [
            17.0,
            13.0
        ],
        [
            17.0,
            15.0
        ],
        [
            17.0,
            17.0
        ],
        [
            15.0,
            17.0
        ],
        [
            13.0,
            17.0
        ],
        [
            11.0,
            17.0
        ],
        [
            9.0,
            17.0
        ],
        [
            7.0,
            17.0
        ],
        [
            5.0,
            17.0
        ],
        [
            3.0,
            17.0
        ],
        [
            1.0,
            17.0
        ],
        [
            -1.0,
            17.0
        ],
        [
            -3.0,
            17.0
        ],
        [
            -5.0,
            17.0
        ],
        [
            -7.0,
            17.0
        ],
        [
            -9.0,
            17.0
        ],
        [
            -11.0,
            17.0
        ],
        [
            -13.0,
            17.0
        ],
        [
            -15.0,
            17.0
        ],
        [
            -17.0,
            17.0
        ],
        [
            -17.0,
            15.0
        ],
        [
            -17.0,
            13.0
        ],
        [
            -17.0,
            11.0
        ],
        [
            -17.0,
            9.0
        ],
        [
            -17.0,
            7.0
        ],
        [
            -17.0,
            5.0
        ],
        [
            -17.0,
            3.0
        ],
        [
            -17.0,
            1.0
        ],
        [
            -17.0,
            -1.0
        ],
        [
            -17.0,
            -3.0
        ],
        [
            -17.0,
            -5.0
        ],
        [
            -17.0,
            -7.0
        ],
        [
            -17.0,
            -9.0
        ],
        [
            -17.0,
            -11.0
        ],
        [
            -17.0,
            -13.0
        ],
        [
            -17.0,
            -15.0
        ],
        [
            -17.0,
            -17.0
        ],
        [
            -15.0,
            -17.0
        ],
        [
            -13.0,
            -17.0
        ],
        [
            -11.0,
            -17.0
        ],
        [
            -9.0,
            -17.0
        ],
        [
            -7.0,
            -17.0
        ],
        [
            -5.0,
            -17.0
        ],
        [
            -3.0,
            -17.0
        ],
        [
            -1.0,
            -17.0
        ],
        [
            1.0,
            -17.0
        ],
        [
            3.0,
            -17.0
        ],
        [
            5.0,
            -17.0
        ],
        [
            7.0,
            -17.0
        ],
        [
            9.0,
            -17.0
        ],
        [
            11.0,
            -17.0
        ],
        [
            13.0,
            -17.0
        ],
        [
            15.0,
            -17.0
        ],
        [
            17.0,
            -17.0
        ],
        [
            17.0,
            -15.0
        ],
        [
            17.0,
            -13.0
        ],
        [
            17.0,
            -11.0
        ],
        [
            17.0,
            -9.0
        ],
        [
            17.0,
            -7.0
        ],
        [
            17.0,
            -5.0
        ],
        [
            17.0,
            -3.0
        ],
        [
            17.0,
            -1.0
        ],
        [
            19.0,
            1.0
        ],
        [
            19.0,
            3.0
        ],
        [
            19.0,
            5.0
        ],
        [
            19.0,
            7.0
        ],
        [
            19.0,
            9.0
        ],
        [
            19.0,
            11.0
        ],
        [
            19.0,
            13.0
        ],
        [
            19.0,
            15.0
        ],
        [
            19.0,
            17.0
        ],
        [
            19.0,
            19.0
        ],
        [
            17.0,
            19.0
        ],
        [
            15.0,
            19.0
        ],
        [
            13.0,
            19.0
        ],
        [
            11.0,
            19.0
        ],
        [
            9.0,
            19.0
        ],
        [
            7.0,
            19.0
        ],
        [
            5.0,
            19.0
        ],
        [
            3.0,
            19.0
        ],
        [
            1.0,
            19.0
        ],
        [
            -1.0,
            19.0
        ],
        [
            -3.0,
            19.0
        ],
        [
            -5.0,
            19.0
        ],
        [
            -7.0,
            19.0
        ],
        [
            -9.0,
            19.0
        ],
        [
            -11.0,
            19.0
        ],
        [
            -13.0,
            19.0
        ],
        [
            -15.0,
            19.0
        ],
        [
            -17.0,
            19.0
        ],
        [
            -19.0,
            19.0
        ],
        [
            -19.0,
            17.0
        ],
        [
            -19.0,
            15.0
        ],
        [
            -19.0,
            13.0
        ],
        [
            -19.0,
            11.0
        ],
        [
            -19.0,
            9.0
        ],
        [
            -19.0,
            7.0
        ],
        [
            -19.0,
            5.0
        ],
        [
            -19.0,
            3.0
        ],
        [
            -19.0,
            1.0
        ],
        [
            -19.0,
            -1.0
        ],
        [
            -19.0,
            -3.0
        ],
        [
            -19.0,
            -5.0
        ],
        [
            -19.0,
            -7.0
        ],
        [
            -19.0,
            -9.0
        ],
        [
            -19.0,
            -11.0
        ],
        [
            -19.0,
            -13.0
        ],
        [
            -19.0,
            -15.0
        ],
        [
            -19.0,
            -17.0
        ],
        [
            -19.0,
            -19.0
        ],
        [
            -17.0,
            -19.0
        ],
        [
            -15.0,
            -19.0
        ],
        [
            -13.0,
            -19.0
        ],
        [
            -11.0,
            -19.0
        ],
        [
            -9.0,
            -19.0
        ],
        [
            -7.0,
            -19.0
        ],
        [
            -5.0,
            -19.0
        ],
        [
            -3.0,
            -19.0
        ],
        [
            -1.0,
            -19.0
        ],
        [
            1.0,
            -19.0
        ],
        [
            3.0,
            -19.0
        ],
        [
            5.0,
            -19.0
        ],
        [
            7.0,
            -19.0
        ],
        [
            9.0,
            -19.0
        ],
        [
            11.0,
            -19.0
        ],
        [
            13.0,
            -19.0
        ],
        [
            15.0,
            -19.0
        ],
        [
            17.0,
            -19.0
        ],
        [
            19.0,
            -19.0
        ],
        [
            19.0,
            -17.0
        ],
        [
            19.0,
            -15.0
        ],
        [
            19.0,
            -13.0
        ],
        [
            19.0,
            -11.0
        ],
        [
            19.0,
            -9.0
        ],
        [
            19.0,
            -7.0
        ],
        [
            19.0,
            -5.0
        ],
        [
            19.0,
            -3.0
        ],
        [
            19.0,
            -1.0
        ],
        [
            21.0,
            1.0
        ],
        [
            21.0,
            3.0
        ],
        [
            21.0,
            5.0
        ],
        [
            21.0,
            7.0
        ],
        [
            21.0,
            9.0
        ],
        [
            21.0,
            11.0
        ],
        [
            21.0,
            13.0
        ],
        [
            21.0,
            15.0
        ],
        [
            21.0,
            17.0
        ],
        [
            21.0,
            19.0
        ],
        [
            21.0,
            21.0
        ],
        [
            19.0,
            21.0
        ],
        [
            17.0,
            21.0
        ],
        [
            15.0,
            21.0
        ],
        [
            13.0,
            21.0
        ],
        [
            11.0,
            21.0
        ],
        [
            9.0,
            21.0
        ],
        [
            7.0,
            21.0
        ],
        [
            5.0,
            21.0
        ],
        [
            3.0,
            21.0
        ],
        [
            1.0,
            21.0
        ],
        [
            -1.0,
            21.0
        ],
        [
            -3.0,
            21.0
        ],
        [
            -5.0,
            21.0
        ],
        [
            -7.0,
            21.0
        ],
        [
            -9.0,
            21.0
        ],
        [
            -11.0,
            21.0
        ],
        [
            -13.0,
            21.0
        ],
        [
            -15.0,
            21.0
        ],
        [
            -17.0,
            21.0
        ],
        [
            -19.0,
            21.0
        ],
        [
            -21.0,
            21.0
        ],
        [
            -21.0,
            19.0
        ],
        [
            -21.0,
            17.0
        ],
        [
            -21.0,
            15.0
        ],
        [
            -21.0,
            13.0
        ],
        [
            -21.0,
            11.0
        ],
        [
            -21.0,
            9.0
        ],
        [
            -21.0,
            7.0
        ],
        [
            -21.0,
            5.0
        ],
        [
            -21.0,
            3.0
        ],
        [
            -21.0,
            1.0
        ],
        [
            -21.0,
            -1.0
        ],
        [
            -21.0,
            -3.0
        ],
        [
            -21.0,
            -5.0
        ],
        [
            -21.0,
            -7.0
        ],
        [
            -21.0,
            -9.0
        ],
        [
            -21.0,
            -11.0
        ],
        [
            -21.0,
            -13.0
        ],
        [
            -21.0,
            -15.0
        ],
        [
            -21.0,
            -17.0
        ],
        [
            -21.0,
            -19.0
        ],
        [
            -21.0,
            -21.0
        ],
        [
            -19.0,
            -21.0
        ],
        [
            -17.0,
            -21.0
        ],
        [
            -15.0,
            -21.0
        ],
        [
            -13.0,
            -21.0
        ],
        [
            -11.0,
            -21.0
        ],
        [
            -9.0,
            -21.0
        ],
        [
            -7.0,
            -21.0
        ],
        [
            -5.0,
            -21.0
        ],
        [
            -3.0,
            -21.0
        ],
        [
            -1.0,
            -21.0
        ],
        [
            1.0,
            -21.0
        ],
        [
            3.0,
            -21.0
        ],
        [
            5.0,
            -21.0
        ],
        [
            7.0,
            -21.0
        ],
        [
            9.0,
            -21.0
        ],
        [
            11.0,
            -21.0
        ],
        [
            13.0,
            -21.0
        ],
        [
            15.0,
            -21.0
        ],
        [
            17.0,
            -21.0
        ],
        [
            19.0,
            -21.0
        ],
        [
            21.0,
            -21.0
        ],
        [
            21.0,
            -19.0
        ],
        [
            21.0,
            -17.0
        ],
        [
            21.0,
            -15.0
        ],
        [
            21.0,
            -13.0
        ],
        [
            21.0,
            -11.0
        ],
        [
            21.0,
            -9.0
        ],
        [
            21.0,
            -7.0
        ],
        [
            21.0,
            -5.0
        ],
        [
            21.0,
            -3.0
        ],
        [
            21.0,
            -1.0
        ]
    ],
    "DEMAND": [
        0.0,
        300.0,
        300.0,
        300.0,
        300.0,
        300.0,
        300.0,
        300.0,
        300.0,
        300.0,
        300.0,
        300.0,
        300.0,
        180.0,
        180.0,
        180.0,
        180.0,
        180.0,
        180.0,
        180.0,
        180.0,
        180.0,
        180.0,
        180.0,
        180.0,
        180.0,
        180.0,
        180.0,
        180.0,
        180.0,
        180.0,
        180.0,
        180.0,
        128.0,
        128.0,
        128.0,
        128.0,
        128.0,
        128.0,
        128.0,
        128.0,
        128.0,
        128.0,
        128.0,
        128.0,
        128.0,
        128.0,
        128.0,
        128.0,
        128.0,
        128.0,
        128.0,
        128.0,
        128.0,
        128.0,
        128.0,
        128.0,
        128.0,
        128.0,
        128.0,
        128.0,
        100.0,
        100.0,
        100.0,
        100.0,
        100.0,
        100.0,
        100.0,
        100.0,
        100.0,
        100.0,
        100.0,
        100.0,
        100.0,
        100.0,
        100.0,
        100.0,
        100.0,
        100.0,
        100.0,
        100.0,
        100.0,
        100.0,
        100.0,
        100.0,
        100.0,
        100.0,
        100.0,
        100.0,
        100.0,
        100.0,
        100.0,
        100.0,
        100.0,
        100.0,
        100.0,
        100.0,
        81.0,
        81.0,
        81.0,
        81.0,
        81.0,
        81.0,
        81.0,
        81.0,
        81.0,
        81.0,
        81.0,
        81.0,
        81.0,
        81.0,
        81.0,
        81.0,
        81.0,
        81.0,
        81.0,
        81.0,
        81.0,
        81.0,
        81.0,
        81.0,
        81.0,
        81.0,
        81.0,
        81.0,
        81.0,
        81.0,
        81.0,
        81.0,
        81.0,
        81.0,
        81.0,
        81.0,
        81.0,
        81.0,
        81.0,
        81.0,
        81.0,
        81.0,
        81.0,
        81.0,
        69.0,
        69.0,
        69.0,
        69.0,
        69.0,
        69.0,
        69.0,
        69.0,
        69.0,
        69.0,
        69.0,
        69.0,
        69.0,
        69.0,
        69.0,
        69.0,
        69.0,
        69.0,
        69.0,
        69.0,
        69.0,
        69.0,
        69.0,
        69.0,
        69.0,
        69.0,
        69.0,
        69.0,
        69.0,
        69.0,
        69.0,
        69.0,
        69.0,
        69.0,
        69.0,
        69.0,
        69.0,
        69.0,
        69.0,
        69.0,
        69.0,
        69.0,
        69.0,
        69.0,
        69.0,
        69.0,
        69.0,
        69.0,
        69.0,
        69.0,
        69.0,
        69.0,
        60.0,
        60.0,
        60.0,
        60.0,
        60.0,
        60.0,
        60.0,
        60.0,
        60.0,
        60.0,
        60.0,
        60.0,
        60.0,
        60.0,
        60.0,
        60.0,
        60.0,
        60.0,
        60.0,
        60.0,
        60.0,
        60.0,
        60.0,
        60.0,
        60.0,
        60.0,
        60.0,
        60.0,
        60.0,
        60.0,
        60.0,
        60.0,
        60.0,
        60.0,
        60.0,
        60.0,
        60.0,
        60.0,
        60.0,
        60.0,
        60.0,
        60.0,
        60.0,
        60.0,
        60.0,
        60.0,
        60.0,
        60.0,
        60.0,
        60.0,
        60.0,
        60.0,
        60.0,
        60.0,
        60.0,
        60.0,
        60.0,
        60.0,
        60.0,
        60.0,
        52.0,
        52.0,
        52.0,
        52.0,
        52.0,
        52.0,
        52.0,
        52.0,
        52.0,
        52.0,
        52.0,
        52.0,
        52.0,
        52.0,
        52.0,
        52.0,
        52.0,
        52.0,
        52.0,
        52.0,
        52.0,
        52.0,
        52.0,
        52.0,
        52.0,
        52.0,
        52.0,
        52.0,
        52.0,
        52.0,
        52.0,
        52.0,
        52.0,
        52.0,
        52.0,
        52.0,
        52.0,
        52.0,
        52.0,
        52.0,
        52.0,
        52.0,
        52.0,
        52.0,
        52.0,
        52.0,
        52.0,
        52.0,
        52.0,
        52.0,
        52.0,
        52.0,
        52.0,
        52.0,
        52.0,
        52.0,
        52.0,
        52.0,
        52.0,
        52.0,
        52.0,
        52.0,
        52.0,
        52.0,
        52.0,
        52.0,
        52.0,
        52.0,
        47.0,
        47.0,
        47.0,
        47.0,
        47.0,
        47.0,
        47.0,
        47.0,
        47.0,
        47.0,
        47.0,
        47.0,
        47.0,
        47.0,
        47.0,
        47.0,
        47.0,
        47.0,
        47.0,
        47.0,
        47.0,
        47.0,
        47.0,
        47.0,
        47.0,
        47.0,
        47.0,
        47.0,
        47.0,
        47.0,
        47.0,
        47.0,
        47.0,
        47.0,
        47.0,
        47.0,
        47.0,
        47.0,
        47.0,
        47.0,
        47.0,
        47.0,
        47.0,
        47.0,
        47.0,
        47.0,
        47.0,
        47.0,
        47.0,
        47.0,
        47.0,
        47.0,
        47.0,
        47.0,
        47.0,
        47.0,
        47.0,
        47.0,
        47.0,
        47.0,
        47.0,
        47.0,
        47.0,
        47.0,
        47.0,
        47.0,
        47.0,
        47.0,
        47.0,
        47.0,
        47.0,
        47.0,
        47.0,
        47.0,
        47.0,
        47.0,
        42.0,
        42.0,
        42.0,
        42.0,
        42.0,
        42.0,
        42.0,
        42.0,
        42.0,
        42.0,
        42.0,
        42.0,
        42.0,
        42.0,
        42.0,
        42.0,
        42.0,
        42.0,
        42.0,
        42.0,
        42.0,
        42.0,
        42.0,
        42.0,
        42.0,
        42.0,
        42.0,
        42.0,
        42.0,
        42.0,
        42.0,
        42.0,
        42.0,
        42.0,
        42.0,
        42.0,
        42.0,
        42.0,
        42.0,
        42.0,
        42.0,
        42.0,
        42.0,
        42.0,
        42.0,
        42.0,
        42.0,
        42.0,
        42.0,
        42.0,
        42.0,
        42.0,
        42.0,
        42.0,
        42.0,
        42.0,
        42.0,
        42.0,
        42.0,
        42.0,
        42.0,
        42.0,
        42.0,
        42.0,
        42.0,
        42.0,
        42.0,
        42.0,
        42.0,
        42.0,
        42.0,
        42.0,
        42.0,
        42.0,
        42.0,
        42.0,
        42.0,
        42.0,
        42.0,
        42.0,
        42.0,
        42.0,
        42.0,
        42.0
    ]
}