{
    "NODES": 256,
    "ROUTES": 0,
    "CAPACITY": 1000,
    "BEST": 585.43,
    "OPTIMAL": 0,
    "LOCATION": [
        [
            0.0,
            -15.0
        ],
        [
            -1.0,
            -14.0
        ],
        [
            1.0,
            -14.0
        ],
        [
            -2.0,
            -13.0
        ],
        [
            0.0,
            -13.0
        ],
        [
            2.0,
            -13.0
        ],
        [
            -3.0,
            -12.0
        ],
        [
            -1.0,
            -12.0
        ],
        [
            1.0,
            -12.0
        ],
        [
            3.0,
            -12.0
        ],
        [
            -4.0,
            -11.0
        ],
        [
            -2.0,
            -11.0
        ],
        [
            0.0,
            -11.0
        ],
        [
            2.0,
            -11.0
        ],
        [
            4.0,
            -11.0
        ],
        [
            -5.0,
            -10.0
        ],
        [
            -3.0,
            -10.0
        ],
        [
            -1.0,
            -10.0
        ],
        [
            1.0,
            -10.0
        ],
        [
            3.0,
            -10.0
        ],
        [
            5.0,
            -10.0
        ],
        [
            -6.0,
            -9.0
        ],
        [
            -4.0,
            -9.0
        ],
        [
            -2.0,
            -9.0
        ],
        [
            0.0,
            -9.0
        ],
        [
            2.0,
            -9.0
        ],
        [
            4.0,
            -9.0
        ],
        [
            6.0,
            -9.0
        ],
        [
            -7.0,
            -8.0
        ],
        [
            -5.0,
            -8.0
        ],
        [
            -3.0,
            -8.0
        ],
        [
            -1.0,
            -8.0
        ],
        [
            1.0,
            -8.0
        ],
        [
            3.0,
            -8.0
        ],
        [
            5.0,
            -8.0
        ],
        [
            7.0,
            -8.0
        ],
        [
            -8.0,
            -7.0
        ],
        [
            -6.0,
            -7.0
        ],
        [
            -4.0,
            -7.0
        ],
        [
            -2.0,
            -7.0
        ],
        [
            0.0,
            -7.0
        ],
        [
            2.0,
            -7.0
        ],
        [
            4.0,
            -7.0
        ],
        [
            6.0,
            -7.0
        ],
        [
            8.0,
            -7.0
        ],
        [
            -9.0,
            -6.0
        ],
        [
            -7.0,
            -6.0
        ],
        [
            -5.0,
            -6.0
        ],
        [
            -3.0,
            -6.0
        ],
        [
            -1.0,
            -6.0
        ],
        [
            1.0,
            -6.0
        ],
        [
            3.0,
            -6.0
        ],
        [
            5.0,
            -6.0
        ],
        [
            7.0,
            -6.0
        ],
        [
            9.0,
            -6.0
        ],
        [
            -10.0,
            -5.0
        ],
        [
            -8.0,
            -5.0
        ],
        [
            -6.0,
            -5.0
        ],
        [
            -4.0,
            -5.0
        ],
        [
            -2.0,
            -5.0
        ],
        [
            0.0,
            -5.0
        ],
        [
            2.0,
            -5.0
        ],
        [
            4.0,
            -5.0
        ],
        [
            6.0,
            -5.0
        ],
        [
            8.0,
            -5.0
        ],
        [
            10.0,
            -5.0
        ],
        [
            -11.0,
            -4.0
        ],
        [
            -9.0,
            -4.0
        ],
        [
            -7.0,
            -4.0
        ],
        [
            -5.0,
            -4.0
        ],
        [
            -3.0,
            -4.0
        ],
        [
            -1.0,
            -4.0
        ],
        [
            1.0,
            -4.0
        ],
        [
            3.0,
            -4.0
        ],
        [
            5.0,
            -4.0
        ],
        [
            7.0,
            -4.0
        ],
        [
            9.0,
            -4.0
        ],
        [
            11.0,
            -4.0
        ],
        [
            -12.0,
            -3.0
        ],
        [
            -10.0,
            -3.0
        ],
        [
            -8.0,
            -3.0
        ],
        [
            -6.0,
            -3.0
        ],
        [
            -4.0,
            -3.0
        ],
        [
            -2.0,
            -3.0
        ],
        [
            0.0,
            -3.0
        ],
        [
            2.0,
            -3.0
        ],
        [
            4.0,
            -3.0
        ],
        [
            6.0,
            -3.0
        ],
        [
            8.0,
            -3.0
        ],
        [
            10.0,
            -3.0
        ],
        [
            12.0,
            -3.0
        ],
        [
            -13.0,
            -2.0
        ],
        [
            -11.0,
            -2.0
        ],
        [
            -9.0,
            -2.0
        ],
        [
            -7.0,
            -2.0
        ],
        [
            -5.0,
            -2.0
        ],
        [
            -3.0,
            -2.0
        ],
        [
            -1.0,
            -2.0
        ],
        [
            1.0,
            -2.0
        ],
        [
            3.0,
            -2.0
        ],
        [
            5.0,
            -2.0
        ],
        [
            7.0,
            -2.0
        ],
        [
            9.0,
            -2.0
        ],
        [
            11.0,
            -2.0
        ],
        [
            13.0,
            -2.0
        ],
        [
            -14.0,
            -1.0
        ],
        [
            -12.0,
            -1.0
        ],
        [
            -10.0,
            -1.0
        ],
        [
            -8.0,
            -1.0
        ],
        [
            -6.0,
            -1.0
        ],
        [
            -4.0,
            -1.0
        ],
        [
            -2.0,
            -1.0
        ],
        [
            0.0,
            -1.0
        ],
        [
            2.0,
            -1.0
        ],
        [
            4.0,
            -1.0
        ],
        [
            6.0,
            -1.0
        ],
        [
            8.0,
            -1.0
        ],
        [
            10.0,
            -1.0
        ],
        [
            12.0,
            -1.0
        ],
        [
            14.0,
            -1.0
        ],
        [
            -15.0,
            0.0
        ],
        [
            -13.0,
            0.0
        ],
        [
            -11.0,
            0.0
        ],
        [
            -9.0,
            0.0
        ],
        [
            -7.0,
            0.0
        ],
        [
            -5.0,
            0.0
        ],
        [
            -3.0,
            0.0
        ],
        [
            -1.0,
            0.0
        ],
        [
            1.0,
            0.0
        ],
        [
            3.0,
            0.0
        ],
        [
            5.0,
            0.0
        ],
        [
            7.0,
            0.0
        ],
        [
            9.0,
            0.0
        ],
        [
            11.0,
            0.0
        ],
        [
            13.0,
            0.0
        ],
        [
            15.0,
            0.0
        ],
        [
            -14.0,
            1.0
        ],
        [
            -12.0,
            1.0
        ],
        [
            -10.0,
            1.0
        ],
        [
            -8.0,
            1.0
        ],
        [
            -6.0,
            1.0
        ],
        [
            -4.0,
            1.0
        ],
        [
            -2.0,
            1.0
        ],
        [
            0.0,
            1.0
        ],
        [
            2.0,
            1.0
        ],
        [
            4.0,
            1.0
        ],
        [
            6.0,
            1.0
        ],
        [
            8.0,
            1.0
        ],
        [
            10.0,
            1.0
        ],
        [
            12.0,
            1.0
        ],
        [
            14.0,
            1.0
        ],
        [
            -13.0,
            2.0
        ],
        [
            -11.0,
            2.0
        ],
        [
            -9.0,
            2.0
        ],
        [
            -7.0,
            2.0
        ],
        [
            -5.0,
            2.0
        ],
        [
            -3.0,
            2.0
        ],
        [
            -1.0,
            2.0
        ],
        [
            1.0,
            2.0
        ],
        [
            3.0,
            2.0
        ],
        [
            5.0,
            2.0
        ],
        [
            7.0,
            2.0
        ],
        [
            9.0,
            2.0
        ],
        [
            11.0,
            2.0
        ],
        [
            13.0,
            2.0
        ],
        [
            -12.0,
            3.0
        ],
        [
            -10.0,
            3.0
        ],
        [
            -8.0,
            3.0
        ],
        [
            -6.0,
            3.0
        ],
        [
            -4.0,
            3.0
        ],
        [
            -2.0,
            3.0
        ],
        [
            0.0,
            3.0
        ],
        [
            2.0,
            3.0
        ],
        [
            4.0,
            3.0
        ],
        [
            6.0,
            3.0
        ],
        [
            8.0,
            3.0
        ],
        [
            10.0,
            3.0
        ],
        [
            12.0,
            3.0
        ],
        [
            -11.0,
            4.0
        ],
        [
            -9.0,
            4.0
        ],
        [
            -7.0,
            4.0
        ],
        [
            -5.0,
            4.0
        ],
        [
            -3.0,
            4.0
        ],
        [
            -1.0,
            4.0
        ],
        [
            1.0,
            4.0
        ],
        [
            3.0,
            4.0
        ],
        [
            5.0,
            4.0
        ],
        [
            7.0,
            4.0
        ],
        [
            9.0,
            4.0
        ],
        [
            11.0,
            4.0
        ],
        [
            -10.0,
            5.0
        ],
        [
            -8.0,
            5.0
        ],
        [
            -6.0,
            5.0
        ],
        [
            -4.0,
            5.0
        ],
        [
            -2.0,
            5.0
        ],
        [
            0.0,
            5.0
        ],
        [
            2.0,
            5.0
        ],
        [
            4.0,
            5.0
        ],
        [
            6.0,
            5.0
        ],
        [
            8.0,
            5.0
        ],
        [
            10.0,
            5.0
        ],
        [
            -9.0,
            6.0
        ],
        [
            -7.0,
            6.0
        ],
        [
            -5.0,
            6.0
        ],
        [
            -3.0,
            6.0
        ],
        [
            -1.0,
            6.0
        ],
        [
            1.0,
            6.0
        ],
        [
            3.0,
            6.0
        ],
        [
            5.0,
            6.0
        ],
        [
            7.0,
            6.0
        ],
        [
            9.0,
            6.0
        ],
        [
            -8.0,
            7.0
        ],
        [
            -6.0,
            7.0
        ],
        [
            -4.0,
            7.0
        ],
        [
            -2.0,
            7.0
        ],
        [
            0.0,
            7.0
        ],
        [
            2.0,
            7.0
        ],
        [
            4.0,
            7.0
        ],
        [
            6.0,
            7.0
        ],
        [
            8.0,
            7.0
        ],
        [
            -7.0,
            8.0
        ],
        [
            -5.0,
            8.0
        ],
        [
            -3.0,
            8.0
        ],
        [
            -1.0,
            8.0
        ],
        [
            1.0,
            8.0
        ],
        [
            3.0,
            8.0
        ],
        [
            5.0,
            8.0
        ],
        [
            7.0,
            8.0
        ],
        [
            -6.0,
            9.0
        ],
        [
            -4.0,
            9.0
        ],
        [
            -2.0,
            9.0
        ],
        [
            0.0,
            9.0
        ],
        [
            2.0,
            9.0
        ],
        [
            4.0,
            9.0
        ],
        [
            6.0,
            9.0
        ],
        [
            -5.0,
            10.0
        ],
        [
            -3.0,
            10.0
        ],
        [
            -1.0,
            10.0
        ],
        [
            1.0,
            10.0
        ],
        [
            3.0,
            10.0
        ],
        [
            5.0,
            10.0
        ],
        [
            -4.0,
            11.0
        ],
        [
            -2.0,
            11.0
        ],
        [
            0.0,
            11.0
        ],
        [
            2.0,
            11.0
        ],
        [
            4.0,
            11.0
        ],
        [
            -3.0,
            12.0
        ],
        [
            -1.0,
            12.0
        ],
        [
            1.0,
            12.0
        ],
        [
            3.0,
            12.0
        ],
        [
            -2.0,
            13.0
        ],
        [
            0.0,
            13.0
        ],
        [
            2.0,
            13.0
        ],
        [
            -1.0,
            14.0
        ],
        [
            1.0,
            14.0
        ],
        [
            0.0,
            15.0
        ]
    ],
    "DEMAND": [
        0.0,
        300.0,
        300.0,
        180.0,
        300.0,
        180.0,
        128.0,
        180.0,
        180.0,
        128.0,
        100.0,
        128.0,
        180.0,
        128.0,
        100.0,
        81.0,
        100.0,
        128.0,
        128.0,
        100.0,
        81.0,
        69.0,
        81.0,
        100.0,
        128.0,
        100.0,
        81.0,
        69.0,
        60.0,
        69.0,
        81.0,
        100.0,
        100.0,
        81.0,
        69.0,
        60.0,
        52.0,
        60.0,
        69.0,
        81.0,
        100.0,
        81.0,
        69.0,
        60.0,
        52.0,
        47.0,
        52.0,
        60.0,
        69.0,
        81.0,
        81.0,
        69.0,
        60.0,
        52.0,
        47.0,
        42.0,
        47.0,
        52.0,
        60.0,
        69.0,
        81.0,
        69.0,
        60.0,
        52.0,
        47.0,
        42.0,
        39.0,
        42.0,
        47.0,
        52.0,
        60.0,
        69.0,
        69.0,
        60.0,
        52.0,
        47.0,
        42.0,
        39.0,
        36.0,
        39.0,
        42.0,
        47.0,
        52.0,
        60.0,
        69.0,
        60.0,
        52.0,
        47.0,
        42.0,
        39.0,
        36.0,
        33.0,
        36.0,
        39.0,
        42.0,
        47.0,
        52.0,
        60.0,
        60.0,
        52.0,
        47.0,
        42.0,
        39.0,
        36.0,
        33.0,
        31.0,
        33.0,
        36.0,
        39.0,
        42.0,
        47.0,
        52.0,
        60.0,
        52.0,
        47.0,
        42.0,
        39.0,
        36.0,
        33.0,
        31.0,
        29.0,
        31.0,
        33.0,
        36.0,
        39.0,
        42.0,
        47.0,
        52.0,
        52.0,
        47.0,
        42.0,
        39.0,
        36.0,
        33.0,
        31.0,
        29.0,
        29.0,
        31.0,
        33.0,
        36.0,
        39.0,
        42.0,
        47.0,
        52.0,
        47.0,
        42.0,
        39.0,
        36.0,
        33.0,
        31.0,
        29.0,
        29.0,
        31.0,
        33.0,
        36.0,
        39.0,
        42.0,
        47.0,
        47.0,
        42.0,
        39.0,
        36.0,
        33.0,
        31.0,
        29.0,
        29.0,
        31.0,
        33.0,
        36.0,
        39.0,
        42.0,
        47.0,
        42.0,
        39.0,
        36.0,
        33.0,
        31.0,
        29.0,
        29.0,
        31.0,
        33.0,
        36.0,
        39.0,
        42.0,
        42.0,
        39.0,
        36.0,
        33.0,
        31.0,
        29.0,
        29.0,
        31.0,
        33.0,
        36.0,
        39.0,
        42.0,
        39.0,
        36.0,
        33.0,
        31.0,
        29.0,
        29.0,
        31.0,
        33.0,
        36.0,
        39.0,
        39.0,
        36.0,
        33.0,
        31.0,
        29.0,
        29.0,
        31.0,
        33.0,
        36.0,
        39.0,
        36.0,
        33.0,
        31.0,
        29.0,
        29.0,
        31.0,
        33.0,
        36.0,
        36.0,
        33.0,
        31.0,
        29.0,
        29.0,
        31.0,
        33.0,
        36.0,
        33.0,
        31.0,
        29.0,
        29.0,
        31.0,
        33.0,
        33.0,
        31.0,
        29.0,
        29.0,
        31.0,
        33.0,
        31.0,
        29.0,
        29.0,
        31.0,
        31.0,
        29.0,
        29.0,
        31.0,
        29.0,
        29.0,
        29.0,
        29.0
    ]
}